BEWARE: your OS is not officially supported by Playwright; downloading fallback build for ubuntu24.04-x64.
Downloading Firefox 155.0 (playwright firefox v1543)[2m from https://cdn.playwright.dev/dbazure/download/playwright/builds/firefox/1543/firefox-ubuntu-24.04.zip[22m
|                                                                                |   0% of 109.5 MiB
|■■■■■■■■                                                                        |  10% of 109.5 MiB
|■■■■■■■■■■■■■■■■                                                                |  20% of 109.5 MiB
|■■■■■■■■■■■■■■■■■■■■■■■■                                                        |  30% of 109.5 MiB
|■■■■■■■■■■■■■■■■■■■■■■■■■■■■■■■■                                                |  40% of 109.5 MiB
|■■■■■■■■■■■■■■■■■■■■■■■■■■■■■■■■■■■■■■■■                                        |  50% of 109.5 MiB
|■■■■■■■■■■■■■■■■■■■■■■■■■■■■■■■■■■■■■■■■■■■■■■■■                                |  60% of 109.5 MiB
|■■■■■■■■■■■■■■■■■■■■■■■■■■■■■■■■■■■■■■■■■■■■■■■■■■■■■■■■                        |  70% of 109.5 MiB
|■■■■■■■■■■■■■■■■■■■■■■■■■■■■■■■■■■■■■■■■■■■■■■■■■■■■■■■■■■■■■■■■                |  80% of 109.5 MiB
|■■■■■■■■■■■■■■■■■■■■■■■■■■■■■■■■■■■■■■■■■■■■■■■■■■■■■■■■■■■■■■■■■■■■■■■■        |  90% of 109.5 MiB
|■■■■■■■■■■■■■■■■■■■■■■■■■■■■■■■■■■■■■■■■■■■■■■■■■■■■■■■■■■■■■■■■■■■■■■■■■■■■■■■■| 100% of 109.5 MiB
Firefox 155.0 (playwright firefox v1543) downloaded to /home/raster/.cache/ms-playwright/firefox-1543
BEWARE: your OS is not officially supported by Playwright; downloading fallback build for ubuntu24.04-x64.
BEWARE: your OS is not officially supported by Playwright; downloading fallback build for ubuntu24.04-x64.
Downloading WebKit 26.6 (playwright webkit v2359)[2m from https://cdn.playwright.dev/dbazure/download/playwright/builds/webkit/2359/webkit-ubuntu-24.04.zip[22m
|                                                                                |   0% of 102.3 MiB
|■■■■■■■■                                                                        |  10% of 102.3 MiB
|■■■■■■■■■■■■■■■■                                                                |  20% of 102.3 MiB
|■■■■■■■■■■■■■■■■■■■■■■■■                                                        |  30% of 102.3 MiB
|■■■■■■■■■■■■■■■■■■■■■■■■■■■■■■■■                                                |  40% of 102.3 MiB
|■■■■■■■■■■■■■■■■■■■■■■■■■■■■■■■■■■■■■■■■                                        |  50% of 102.3 MiB
|■■■■■■■■■■■■■■■■■■■■■■■■■■■■■■■■■■■■■■■■■■■■■■■■                                |  60% of 102.3 MiB
|■■■■■■■■■■■■■■■■■■■■■■■■■■■■■■■■■■■■■■■■■■■■■■■■■■■■■■■■                        |  70% of 102.3 MiB
|■■■■■■■■■■■■■■■■■■■■■■■■■■■■■■■■■■■■■■■■■■■■■■■■■■■■■■■■■■■■■■■■                |  80% of 102.3 MiB
|■■■■■■■■■■■■■■■■■■■■■■■■■■■■■■■■■■■■■■■■■■■■■■■■■■■■■■■■■■■■■■■■■■■■■■■■        |  90% of 102.3 MiB
|■■■■■■■■■■■■■■■■■■■■■■■■■■■■■■■■■■■■■■■■■■■■■■■■■■■■■■■■■■■■■■■■■■■■■■■■■■■■■■■■| 100% of 102.3 MiB
WebKit 26.6 (playwright webkit v2359) downloaded to /home/raster/.cache/ms-playwright/webkit-2359
Playwright Host validation warning: 
╔═════════════════════════════════════════════════════════╗
║ Host system is missing dependencies to run browsers.    ║
║ Please install them with the following command:         ║
║                                                         ║
║     sudo npx playwright install-deps                    ║
║                                                         ║
║ Alternatively, use apt:                                 ║
║     sudo apt-get install libgstreamer-plugins-bad1.0-0\ ║
║         libavif16                                       ║
║                                                         ║
║ <3 Playwright Team                                      ║
╚═════════════════════════════════════════════════════════╝
    at validateDependenciesLinux (/home/raster/sarathi/dicom-camera/site/node_modules/playwright-core/lib/coreBundle.js:32259:9)
    at async Registry._validateHostRequirements (/home/raster/sarathi/dicom-camera/site/node_modules/playwright-core/lib/coreBundle.js:33519:18)
    at async Registry._validateHostRequirementsForExecutableIfNeeded (/home/raster/sarathi/dicom-camera/site/node_modules/playwright-core/lib/coreBundle.js:33641:11)
    at async Registry.validateHostRequirementsForExecutablesIfNeeded (/home/raster/sarathi/dicom-camera/site/node_modules/playwright-core/lib/coreBundle.js:33630:11)
    at async installBrowsers (/home/raster/sarathi/dicom-camera/site/node_modules/playwright-core/lib/coreBundle.js:70097:5)
    at async _Command.<anonymous> (/home/raster/sarathi/dicom-camera/site/node_modules/playwright-core/lib/coreBundle.js:73670:7)
exit:0
